
> render
> tsx src/render.tsx

Error: Module not found: Error: Can't resolve 'child_process' in '/home/runner/work/n8n-render/n8n-render/n8n-render-cloud/node_modules/cross-spawn'
resolve 'child_process' in '/home/runner/work/n8n-render/n8n-render/n8n-render-cloud/node_modules/cross-spawn'
  Parsed request is a module
  using description file: /home/runner/work/n8n-render/n8n-render/n8n-render-cloud/node_modules/cross-spawn/package.json (relative path: .)
    Field 'browser' doesn't contain a valid alias configuration
    resolve as module
      /home/runner/work/n8n-render/n8n-render/n8n-render-cloud/node_modules/cross-spawn/node_modules doesn't exist or is not a directory
      /home/runner/work/n8n-render/n8n-render/n8n-render-cloud/node_modules/node_modules doesn't exist or is not a directory
      looking for modules in /home/runner/work/n8n-render/n8n-render/n8n-render-cloud/node_modules
        single file module
          using description file: /home/runner/work/n8n-render/n8n-render/n8n-render-cloud/package.json (relative path: ./node_modules/child_process)
            no extension
              Field 'browser' doesn't contain a valid alias configuration
              /home/runner/work/n8n-render/n8n-render/n8n-render-cloud/node_modules/child_process doesn't exist
            .ts
              Field 'browser' doesn't contain a valid alias configuration
              /home/runner/work/n8n-render/n8n-render/n8n-render-cloud/node_modules/child_process.ts doesn't exist
            .tsx
              Field 'browser' doesn't contain a valid alias configuration
              /home/runner/work/n8n-render/n8n-render/n8n-render-cloud/node_modules/child_process.tsx doesn't exist
            .web.js
              Field 'browser' doesn't contain a valid alias configuration
              /home/runner/work/n8n-render/n8n-render/n8n-render-cloud/node_modules/child_process.web.js doesn't exist
            .js
              Field 'browser' doesn't contain a valid alias configuration
              /home/runner/work/n8n-render/n8n-render/n8n-render-cloud/node_modules/child_process.js doesn't exist
            .jsx
              Field 'browser' doesn't contain a valid alias configuration
              /home/runner/work/n8n-render/n8n-render/n8n-render-cloud/node_modules/child_process.jsx doesn't exist
            .mjs
              Field 'browser' doesn't contain a valid alias configuration
              /home/runner/work/n8n-render/n8n-render/n8n-render-cloud/node_modules/child_process.mjs doesn't exist
            .cjs
              Field 'browser' doesn't contain a valid alias configuration
              /home/runner/work/n8n-render/n8n-render/n8n-render-cloud/node_modules/child_process.cjs doesn't exist
        /home/runner/work/n8n-render/n8n-render/n8n-render-cloud/node_modules/child_process doesn't exist
      /home/runner/work/n8n-render/n8n-render/node_modules doesn't exist or is not a directory
      /home/runner/work/n8n-render/node_modules doesn't exist or is not a directory
      /home/runner/work/node_modules doesn't exist or is not a directory
      /home/runner/node_modules doesn't exist or is not a directory
      /home/node_modules doesn't exist or is not a directory
      /node_modules doesn't exist or is not a directory
    at runWebpack (/home/runner/work/n8n-render/n8n-render/n8n-render-cloud/node_modules/@remotion/bundler/dist/bundle.js:236:23)
    at async internalBundle (/home/runner/work/n8n-render/n8n-render/n8n-render-cloud/node_modules/@remotion/bundler/dist/bundle.js:240:13)
    at async Object.bundle (/home/runner/work/n8n-render/n8n-render/n8n-render-cloud/node_modules/@remotion/bundler/dist/bundle.js:360:20)
    at async main (/home/runner/work/n8n-render/n8n-render/n8n-render-cloud/src/render.tsx:58:18)
