
> render
> tsx src/render.tsx

node:internal/modules/run_main:123
    triggerUncaughtException(
    ^

Error: Module build failed (from ./node_modules/@remotion/bundler/dist/esbuild-loader/index.js):
Error: Transform failed with 6 errors:
/home/runner/work/n8n-render/n8n-render/n8n-render-cloud/src/render.tsx:53:34: ERROR: Top-level await is not available in the configured target environment ("chrome85")
/home/runner/work/n8n-render/n8n-render/n8n-render-cloud/src/render.tsx:55:0: ERROR: Top-level await is not available in the configured target environment ("chrome85")
/home/runner/work/n8n-render/n8n-render/n8n-render-cloud/src/render.tsx:57:15: ERROR: Top-level await is not available in the configured target environment ("chrome85")
/home/runner/work/n8n-render/n8n-render/n8n-render-cloud/src/render.tsx:58:13: ERROR: Top-level await is not available in the configured target environment ("chrome85")
/home/runner/work/n8n-render/n8n-render/n8n-render-cloud/src/render.tsx:59:0: ERROR: Top-level await is not available in the configured target environment ("chrome85")
...
    at failureErrorWithLog (/home/runner/work/n8n-render/n8n-render/n8n-render-cloud/node_modules/esbuild/lib/main.js:1748:15)
    at /home/runner/work/n8n-render/n8n-render/n8n-render-cloud/node_modules/esbuild/lib/main.js:1017:50
    at responseCallbacks.<computed> (/home/runner/work/n8n-render/n8n-render/n8n-render-cloud/node_modules/esbuild/lib/main.js:884:9)
    at handleIncomingPacket (/home/runner/work/n8n-render/n8n-render/n8n-render-cloud/node_modules/esbuild/lib/main.js:939:12)
    at Socket.readFromStdout (/home/runner/work/n8n-render/n8n-render/n8n-render-cloud/node_modules/esbuild/lib/main.js:862:7)
    at Socket.emit (node:events:519:28)
    at addChunk (node:internal/streams/readable:561:12)
    at readableAddChunkPushByteMode (node:internal/streams/readable:512:3)
    at Readable.push (node:internal/streams/readable:392:5)
    at Pipe.onStreamRead (node:internal/stream_base_commons:189:23)
undefined
    at runWebpack (/home/runner/work/n8n-render/n8n-render/n8n-render-cloud/node_modules/@remotion/bundler/dist/bundle.js:236:23)
    at async internalBundle (/home/runner/work/n8n-render/n8n-render/n8n-render-cloud/node_modules/@remotion/bundler/dist/bundle.js:240:13)
    at async Object.bundle (/home/runner/work/n8n-render/n8n-render/n8n-render-cloud/node_modules/@remotion/bundler/dist/bundle.js:360:20)
    at async <anonymous> (/home/runner/work/n8n-render/n8n-render/n8n-render-cloud/src/render.tsx:57:16)

Node.js v22.23.2
