SymbolicateableError [TypeError]: Cannot read properties of undefined (reading 'aspect_ratio')
    at Root (http://localhost:3000/bundle.js:18:21)
    at renderWithHooks (http://localhost:3000/bundle.js:4943:21)
    at updateFunctionComponent (http://localhost:3000/bundle.js:7097:15)
    at beginWork (http://localhost:3000/bundle.js:8156:14)
    at performUnitOfWork (http://localhost:3000/bundle.js:13005:14)
    at workLoopSync (http://localhost:3000/bundle.js:12882:37)
    at renderRootSync (http://localhost:3000/bundle.js:12863:7)
    at performWorkOnRoot (http://localhost:3000/bundle.js:12414:40)
    at performWorkOnRootViaSchedulerTask (http://localhost:3000/bundle.js:13866:3)
    at MessagePort.performWorkUntilDeadline (http://localhost:3000/bundle.js:20097:44) {
  stackFrame: [
    {
      columnNumber: 20,
      fileName: 'http://localhost:3000/bundle.js',
      functionName: 'Root',
      lineNumber: 17
    },
    {
      columnNumber: 20,
      fileName: 'http://localhost:3000/bundle.js',
      functionName: 'renderWithHooks',
      lineNumber: 4942
    },
    {
      columnNumber: 14,
      fileName: 'http://localhost:3000/bundle.js',
      functionName: 'updateFunctionComponent',
      lineNumber: 7096
    },
    {
      columnNumber: 13,
      fileName: 'http://localhost:3000/bundle.js',
      functionName: 'beginWork',
      lineNumber: 8155
    },
    {
      columnNumber: 13,
      fileName: 'http://localhost:3000/bundle.js',
      functionName: 'performUnitOfWork',
      lineNumber: 13004
    },
    {
      columnNumber: 36,
      fileName: 'http://localhost:3000/bundle.js',
      functionName: 'workLoopSync',
      lineNumber: 12881
    },
    {
      columnNumber: 6,
      fileName: 'http://localhost:3000/bundle.js',
      functionName: 'renderRootSync',
      lineNumber: 12862
    },
    {
      columnNumber: 39,
      fileName: 'http://localhost:3000/bundle.js',
      functionName: 'performWorkOnRoot',
      lineNumber: 12413
    },
    {
      columnNumber: 2,
      fileName: 'http://localhost:3000/bundle.js',
      functionName: 'performWorkOnRootViaSchedulerTask',
      lineNumber: 13865
    },
    {
      columnNumber: 43,
      fileName: 'http://localhost:3000/bundle.js',
      functionName: 'performWorkUntilDeadline',
      lineNumber: 20096
    }
  ],
  delayRenderCall: null,
  frame: null,
  chunk: null
}
